{"version":{"revision":"5 - 2011-10-05T14:48:00.000Z"},"cache":[],"network":[],"fallback":[]}